<html>
<body>
<pre>
<h1>µVision Build Log</h1>
<h2>Tool Versions:</h2>
IDE-Version: µVision V5.26.2.0
Copyright (C) 2018 ARM Ltd and ARM Germany GmbH. All rights reserved.
License Information: kljkj pokopop, opkpok, LIC=UB4FW-Q0I3E-4A4DE-5MYS8-0EQBI-PGH52
 
Tool Versions:
Toolchain:       MDK-ARM Professional  Version: 5.26.2.0
Toolchain Path:  C:\Keil_v5\ARM\ARMCC\Bin
C Compiler:      Armcc.exe V5.06 update 6 (build 750)
Assembler:       Armasm.exe V5.06 update 6 (build 750)
Linker/Locator:  ArmLink.exe V5.06 update 6 (build 750)
Library Manager: ArmAr.exe V5.06 update 6 (build 750)
Hex Converter:   FromElf.exe V5.06 update 6 (build 750)
CPU DLL:         SARMCM3.DLL V5.26.2.0
Dialog DLL:      DCM.DLL V1.17.2.0
Target DLL:      STLink\ST-LINKIII-KEIL_SWO.dll V3.0.5.0
Dialog DLL:      TCM.DLL V1.36.1.0
 
<h2>Project:</h2>
C:\Users\andre\Documents\Facul\tupa\esquem\Control_T06\MDK-ARM\Control_T06.uvprojx
Project File Date:  05/03/2020

<h2>Output:</h2>
*** Using Compiler 'V5.06 update 6 (build 750)', folder: 'C:\Keil_v5\ARM\ARMCC\Bin'
Build target 'Control_T06'
compiling main.c...
../Src/main.c(717): warning:  #39-D: division by zero
  	Brake = (double)(Brake0 - Brake0_min)/(Brake0_max - Brake0_min);
../Src/main.c(832): warning:  #186-D: pointless comparison of unsigned integer with zero
  		if((Brake0 < Brake0_short) || (Brake0 > Brake0_open) || (Brake1 < Brake1_short) || (Brake1 > Brake0_open)){
../Src/main.c(832): warning:  #186-D: pointless comparison of unsigned integer with zero
  		if((Brake0 < Brake0_short) || (Brake0 > Brake0_open) || (Brake1 < Brake1_short) || (Brake1 > Brake0_open)){
../Src/main.c(859): warning:  #186-D: pointless comparison of unsigned integer with zero
  				if((Brake0 < Brake0_short) || (Brake0 > Brake0_open) || (Brake1 < Brake1_short) || (Brake1 > Brake0_open)){
../Src/main.c(859): warning:  #186-D: pointless comparison of unsigned integer with zero
  				if((Brake0 < Brake0_short) || (Brake0 > Brake0_open) || (Brake1 < Brake1_short) || (Brake1 > Brake0_open)){
../Src/main.c: 5 warnings, 0 errors
linking...
Program Size: Code=15768 RO-data=292 RW-data=380 ZI-data=1716  
FromELF: creating hex file...
"Control_T06\Control_T06.axf" - 0 Error(s), 5 Warning(s).

<h2>Software Packages used:</h2>

Package Vendor: ARM
                http://www.keil.com/pack/ARM.CMSIS.5.6.0.pack
                ARM.CMSIS.5.6.0
                CMSIS (Cortex Microcontroller Software Interface Standard)
   * Component: CORE Version: 5.3.0

Package Vendor: Keil
                http://www.keil.com/pack/Keil.STM32F1xx_DFP.2.3.0.pack
                Keil.STM32F1xx_DFP.2.3.0
                STMicroelectronics STM32F1 Series Device Support, Drivers and Examples

<h2>Collection of Component include folders:</h2>
  .\RTE\_Control_T06
  C:\Users\andre\AppData\Local\Arm\ARM\CMSIS\5.6.0\CMSIS\Core\Include
  C:\Users\andre\AppData\Local\Arm\Keil\STM32F1xx_DFP\2.3.0\Device\Include

<h2>Collection of Component Files used:</h2>

   * Component: ARM::CMSIS:CORE:5.3.0
Build Time Elapsed:  00:00:01
</pre>
</body>
</html>
